macro_scopes.lean:8:0: warning: using 'exit' to interrupt Lean
