parsec1.lean:20:0: warning: using 'exit' to interrupt Lean
