parser1.lean:7:0: warning: using 'exit' to interrupt Lean
