1
hi!
0
"ho!\n"
"hu!\n"
flush of broken pipe failed
