repr_issue.lean:12:0: warning: using 'exit' to interrupt Lean
