string_imp2.lean:13:0: warning: using 'exit' to interrupt Lean
